Archive member included to satisfy reference by file (symbol)

/opt/st/stm32cubeide_1.15.1/plugins/com.st.stm32cube.ide.mcu.externaltools.gnu-tools-for-stm32.12.3.rel1.linux64_1.0.100.202403111256/tools/bin/../lib/gcc/arm-none-eabi/12.3.1/../../../../arm-none-eabi/lib/thumb/v7e-m+fp/hard/libc_nano.a(libc_a-exit.o)
                              /opt/st/stm32cubeide_1.15.1/plugins/com.st.stm32cube.ide.mcu.externaltools.gnu-tools-for-stm32.12.3.rel1.linux64_1.0.100.202403111256/tools/bin/../lib/gcc/arm-none-eabi/12.3.1/../../../../arm-none-eabi/lib/thumb/v7e-m+fp/hard/rdimon-crt0.o (exit)
/opt/st/stm32cubeide_1.15.1/plugins/com.st.stm32cube.ide.mcu.externaltools.gnu-tools-for-stm32.12.3.rel1.linux64_1.0.100.202403111256/tools/bin/../lib/gcc/arm-none-eabi/12.3.1/../../../../arm-none-eabi/lib/thumb/v7e-m+fp/hard/libc_nano.a(libc_a-findfp.o)
                              /opt/st/stm32cubeide_1.15.1/plugins/com.st.stm32cube.ide.mcu.externaltools.gnu-tools-for-stm32.12.3.rel1.linux64_1.0.100.202403111256/tools/bin/../lib/gcc/arm-none-eabi/12.3.1/../../../../arm-none-eabi/lib/thumb/v7e-m+fp/hard/libc_nano.a(libc_a-exit.o) (__stdio_exit_handler)
/opt/st/stm32cubeide_1.15.1/plugins/com.st.stm32cube.ide.mcu.externaltools.gnu-tools-for-stm32.12.3.rel1.linux64_1.0.100.202403111256/tools/bin/../lib/gcc/arm-none-eabi/12.3.1/../../../../arm-none-eabi/lib/thumb/v7e-m+fp/hard/libc_nano.a(libc_a-fwalk.o)
                              /opt/st/stm32cubeide_1.15.1/plugins/com.st.stm32cube.ide.mcu.externaltools.gnu-tools-for-stm32.12.3.rel1.linux64_1.0.100.202403111256/tools/bin/../lib/gcc/arm-none-eabi/12.3.1/../../../../arm-none-eabi/lib/thumb/v7e-m+fp/hard/libc_nano.a(libc_a-findfp.o) (_fwalk_sglue)
/opt/st/stm32cubeide_1.15.1/plugins/com.st.stm32cube.ide.mcu.externaltools.gnu-tools-for-stm32.12.3.rel1.linux64_1.0.100.202403111256/tools/bin/../lib/gcc/arm-none-eabi/12.3.1/../../../../arm-none-eabi/lib/thumb/v7e-m+fp/hard/libc_nano.a(libc_a-stdio.o)
                              /opt/st/stm32cubeide_1.15.1/plugins/com.st.stm32cube.ide.mcu.externaltools.gnu-tools-for-stm32.12.3.rel1.linux64_1.0.100.202403111256/tools/bin/../lib/gcc/arm-none-eabi/12.3.1/../../../../arm-none-eabi/lib/thumb/v7e-m+fp/hard/libc_nano.a(libc_a-findfp.o) (__sread)
/opt/st/stm32cubeide_1.15.1/plugins/com.st.stm32cube.ide.mcu.externaltools.gnu-tools-for-stm32.12.3.rel1.linux64_1.0.100.202403111256/tools/bin/../lib/gcc/arm-none-eabi/12.3.1/../../../../arm-none-eabi/lib/thumb/v7e-m+fp/hard/libc_nano.a(libc_a-memset.o)
                              /opt/st/stm32cubeide_1.15.1/plugins/com.st.stm32cube.ide.mcu.externaltools.gnu-tools-for-stm32.12.3.rel1.linux64_1.0.100.202403111256/tools/bin/../lib/gcc/arm-none-eabi/12.3.1/../../../../arm-none-eabi/lib/thumb/v7e-m+fp/hard/rdimon-crt0.o (memset)
/opt/st/stm32cubeide_1.15.1/plugins/com.st.stm32cube.ide.mcu.externaltools.gnu-tools-for-stm32.12.3.rel1.linux64_1.0.100.202403111256/tools/bin/../lib/gcc/arm-none-eabi/12.3.1/../../../../arm-none-eabi/lib/thumb/v7e-m+fp/hard/libc_nano.a(libc_a-closer.o)
                              /opt/st/stm32cubeide_1.15.1/plugins/com.st.stm32cube.ide.mcu.externaltools.gnu-tools-for-stm32.12.3.rel1.linux64_1.0.100.202403111256/tools/bin/../lib/gcc/arm-none-eabi/12.3.1/../../../../arm-none-eabi/lib/thumb/v7e-m+fp/hard/libc_nano.a(libc_a-stdio.o) (_close_r)
/opt/st/stm32cubeide_1.15.1/plugins/com.st.stm32cube.ide.mcu.externaltools.gnu-tools-for-stm32.12.3.rel1.linux64_1.0.100.202403111256/tools/bin/../lib/gcc/arm-none-eabi/12.3.1/../../../../arm-none-eabi/lib/thumb/v7e-m+fp/hard/libc_nano.a(libc_a-reent.o)
                              /opt/st/stm32cubeide_1.15.1/plugins/com.st.stm32cube.ide.mcu.externaltools.gnu-tools-for-stm32.12.3.rel1.linux64_1.0.100.202403111256/tools/bin/../lib/gcc/arm-none-eabi/12.3.1/../../../../arm-none-eabi/lib/thumb/v7e-m+fp/hard/libc_nano.a(libc_a-closer.o) (errno)
/opt/st/stm32cubeide_1.15.1/plugins/com.st.stm32cube.ide.mcu.externaltools.gnu-tools-for-stm32.12.3.rel1.linux64_1.0.100.202403111256/tools/bin/../lib/gcc/arm-none-eabi/12.3.1/../../../../arm-none-eabi/lib/thumb/v7e-m+fp/hard/libc_nano.a(libc_a-impure.o)
                              /opt/st/stm32cubeide_1.15.1/plugins/com.st.stm32cube.ide.mcu.externaltools.gnu-tools-for-stm32.12.3.rel1.linux64_1.0.100.202403111256/tools/bin/../lib/gcc/arm-none-eabi/12.3.1/../../../../arm-none-eabi/lib/thumb/v7e-m+fp/hard/libc_nano.a(libc_a-reent.o) (_impure_ptr)
/opt/st/stm32cubeide_1.15.1/plugins/com.st.stm32cube.ide.mcu.externaltools.gnu-tools-for-stm32.12.3.rel1.linux64_1.0.100.202403111256/tools/bin/../lib/gcc/arm-none-eabi/12.3.1/../../../../arm-none-eabi/lib/thumb/v7e-m+fp/hard/libc_nano.a(libc_a-lseekr.o)
                              /opt/st/stm32cubeide_1.15.1/plugins/com.st.stm32cube.ide.mcu.externaltools.gnu-tools-for-stm32.12.3.rel1.linux64_1.0.100.202403111256/tools/bin/../lib/gcc/arm-none-eabi/12.3.1/../../../../arm-none-eabi/lib/thumb/v7e-m+fp/hard/libc_nano.a(libc_a-stdio.o) (_lseek_r)
[...]
Memory Configuration

Name             Origin             Length             Attributes
RAM              0x20000000         0x00020000         xrw
FLASH            0x08000000         0x00080000         xr
*default*        0x00000000         0xffffffff

Linker script and memory map

LOAD /opt/st/stm32cubeide_1.15.1/plugins/com.st.stm32cube.ide.mcu.externaltools.gnu-tools-for-stm32.12.3.rel1.linux64_1.0.100.202403111256/tools/bin/../lib/gcc/arm-none-eabi/12.3.1/thumb/v7e-m+fp/hard/crti.o
LOAD /opt/st/stm32cubeide_1.15.1/plugins/com.st.stm32cube.ide.mcu.externaltools.gnu-tools-for-stm32.12.3.rel1.linux64_1.0.100.202403111256/tools/bin/../lib/gcc/arm-none-eabi/12.3.1/thumb/v7e-m+fp/hard/crtbegin.o
LOAD /opt/st/stm32cubeide_1.15.1/plugins/com.st.stm32cube.ide.mcu.externaltools.gnu-tools-for-stm32.12.3.rel1.linux64_1.0.100.202403111256/tools/bin/../lib/gcc/arm-none-eabi/12.3.1/../../../../arm-none-eabi/lib/thumb/v7e-m+fp/hard/rdimon-crt0.o
LOAD ./Src/10i2c_slave_tx_string.o
LOAD ./Src/main.o
LOAD ./Src/sysmem.o
LOAD ./Startup/startup_stm32f446retx.o
LOAD ./drivers/Src/gpio_driver.o
LOAD ./drivers/Src/i2c_driver.o
LOAD ./drivers/Src/spi_driver.o
LOAD /opt/st/stm32cubeide_1.15.1/plugins/com.st.stm32cube.ide.mcu.externaltools.gnu-tools-for-stm32.12.3.rel1.linux64_1.0.100.202403111256/tools/bin/../lib/gcc/arm-none-eabi/12.3.1/../../../../arm-none-eabi/lib/thumb/v7e-m+fp/hard/libc_nano.a
LOAD /opt/st/stm32cubeide_1.15.1/plugins/com.st.stm32cube.ide.mcu.externaltools.gnu-tools-for-stm32.12.3.rel1.linux64_1.0.100.202403111256/tools/bin/../lib/gcc/arm-none-eabi/12.3.1/../../../../arm-none-eabi/lib/thumb/v7e-m+fp/hard/librdimon_nano.a
START GROUP
LOAD /opt/st/stm32cubeide_1.15.1/plugins/com.st.stm32cube.ide.mcu.externaltools.gnu-tools-for-stm32.12.3.rel1.linux64_1.0.100.202403111256/tools/bin/../lib/gcc/arm-none-eabi/12.3.1/../../../../arm-none-eabi/lib/thumb/v7e-m+fp/hard/libc_nano.a
LOAD /opt/st/stm32cubeide_1.15.1/plugins/com.st.stm32cube.ide.mcu.externaltools.gnu-tools-for-stm32.12.3.rel1.linux64_1.0.100.202403111256/tools/bin/../lib/gcc/arm-none-eabi/12.3.1/../../../../arm-none-eabi/lib/thumb/v7e-m+fp/hard/libm.a
END GROUP
START GROUP
LOAD /opt/st/stm32cubeide_1.15.1/plugins/com.st.stm32cube.ide.mcu.externaltools.gnu-tools-for-stm32.12.3.rel1.linux64_1.0.100.202403111256/tools/bin/../lib/gcc/arm-none-eabi/12.3.1/thumb/v7e-m+fp/hard/libgcc.a
LOAD /opt/st/stm32cubeide_1.15.1/plugins/com.st.stm32cube.ide.mcu.externaltools.gnu-tools-for-stm32.12.3.rel1.linux64_1.0.100.202403111256/tools/bin/../lib/gcc/arm-none-eabi/12.3.1/../../../../arm-none-eabi/lib/thumb/v7e-m+fp/hard/libc_nano.a
END GROUP
START GROUP
LOAD /opt/st/stm32cubeide_1.15.1/plugins/com.st.stm32cube.ide.mcu.externaltools.gnu-tools-for-stm32.12.3.rel1.linux64_1.0.100.202403111256/tools/bin/../lib/gcc/arm-none-eabi/12.3.1/thumb/v7e-m+fp/hard/libgcc.a
LOAD /opt/st/stm32cubeide_1.15.1/plugins/com.st.stm32cube.ide.mcu.externaltools.gnu-tools-for-stm32.12.3.rel1.linux64_1.0.100.202403111256/tools/bin/../lib/gcc/arm-none-eabi/12.3.1/../../../../arm-none-eabi/lib/thumb/v7e-m+fp/hard/libc_nano.a
LOAD /opt/st/stm32cubeide_1.15.1/plugins/com.st.stm32cube.ide.mcu.externaltools.gnu-tools-for-stm32.12.3.rel1.linux64_1.0.100.202403111256/tools/bin/../lib/gcc/arm-none-eabi/12.3.1/../../../../arm-none-eabi/lib/thumb/v7e-m+fp/hard/libnosys.a
END GROUP
START GROUP
LOAD /opt/st/stm32cubeide_1.15.1/plugins/com.st.stm32cube.ide.mcu.externaltools.gnu-tools-for-stm32.12.3.rel1.linux64_1.0.100.202403111256/tools/bin/../lib/gcc/arm-none-eabi/12.3.1/thumb/v7e-m+fp/hard/libgcc.a
LOAD /opt/st/stm32cubeide_1.15.1/plugins/com.st.stm32cube.ide.mcu.externaltools.gnu-tools-for-stm32.12.3.rel1.linux64_1.0.100.202403111256/tools/bin/../lib/gcc/arm-none-eabi/12.3.1/../../../../arm-none-eabi/lib/thumb/v7e-m+fp/hard/libc_nano.a
LOAD /opt/st/stm32cubeide_1.15.1/plugins/com.st.stm32cube.ide.mcu.externaltools.gnu-tools-for-stm32.12.3.rel1.linux64_1.0.100.202403111256/tools/bin/../lib/gcc/arm-none-eabi/12.3.1/../../../../arm-none-eabi/lib/thumb/v7e-m+fp/hard/librdimon_nano.a
END GROUP
START GROUP
LOAD /opt/st/stm32cubeide_1.15.1/plugins/com.st.stm32cube.ide.mcu.externaltools.gnu-tools-for-stm32.12.3.rel1.linux64_1.0.100.202403111256/tools/bin/../lib/gcc/arm-none-eabi/12.3.1/thumb/v7e-m+fp/hard/libgcc.a
LOAD /opt/st/stm32cubeide_1.15.1/plugins/com.st.stm32cube.ide.mcu.externaltools.gnu-tools-for-stm32.12.3.rel1.linux64_1.0.100.202403111256/tools/bin/../lib/gcc/arm-none-eabi/12.3.1/../../../../arm-none-eabi/lib/thumb/v7e-m+fp/hard/libc_nano.a
LOAD /opt/st/stm32cubeide_1.15.1/plugins/com.st.stm32cube.ide.mcu.externaltools.gnu-tools-for-stm32.12.3.rel1.linux64_1.0.100.202403111256/tools/bin/../lib/gcc/arm-none-eabi/12.3.1/../../../../arm-none-eabi/lib/thumb/v7e-m+fp/hard/librdimon_nano.a
LOAD /opt/st/stm32cubeide_1.15.1/plugins/com.st.stm32cube.ide.mcu.externaltools.gnu-tools-for-stm32.12.3.rel1.linux64_1.0.100.202403111256/tools/bin/../lib/gcc/arm-none-eabi/12.3.1/../../../../arm-none-eabi/lib/thumb/v7e-m+fp/hard/libnosys.a
END GROUP
LOAD /opt/st/stm32cubeide_1.15.1/plugins/com.st.stm32cube.ide.mcu.externaltools.gnu-tools-for-stm32.12.3.rel1.linux64_1.0.100.202403111256/tools/bin/../lib/gcc/arm-none-eabi/12.3.1/thumb/v7e-m+fp/hard/crtend.o
LOAD /opt/st/stm32cubeide_1.15.1/plugins/com.st.stm32cube.ide.mcu.externaltools.gnu-tools-for-stm32.12.3.rel1.linux64_1.0.100.202403111256/tools/bin/../lib/gcc/arm-none-eabi/12.3.1/thumb/v7e-m+fp/hard/crtn.o
                0x20020000                        _estack = (ORIGIN (RAM) + LENGTH (RAM))
                0x00000200                        _Min_Heap_Size = 0x200
                0x00000400                        _Min_Stack_Size = 0x400

.isr_vector     0x08000000      0x1c4
                0x08000000                        . = ALIGN (0x4)
 *(.isr_vector)
 .isr_vector    0x08000000      0x1c4 ./Startup/startup_stm32f446retx.o
                0x08000000                g_pfnVectors
                0x080001c4                        . = ALIGN (0x4)

.text           0x080001c4     0x1110
                0x080001c4                        . = ALIGN (0x4)
 *(.text)
 .text          0x080001c4       0x40 /opt/st/stm32cubeide_1.15.1/plugins/com.st.stm32cube.ide.mcu.externaltools.gnu-tools-for-stm32.12.3.rel1.linux64_1.0.100.202403111256/tools/bin/../lib/gcc/arm-none-eabi/12.3.1/thumb/v7e-m+fp/hard/crtbegin.o
 .text          0x08000204       0x10 /opt/st/stm32cubeide_1.15.1/plugins/com.st.stm32cube.ide.mcu.externaltools.gnu-tools-for-stm32.12.3.rel1.linux64_1.0.100.202403111256/tools/bin/../lib/gcc/arm-none-eabi/12.3.1/../../../../arm-none-eabi/lib/thumb/v7e-m+fp/hard/libc_nano.a(libc_a-strlen.o)
                0x08000204                strlen
 *(.text*)
 .text.I2C1_GPIOInits
                0x08000214       0x44 ./Src/10i2c_slave_tx_string.o
                0x08000214                I2C1_GPIOInits
 .text.I2C1_Inits
                0x08000258       0x34 ./Src/10i2c_slave_tx_string.o
                0x08000258                I2C1_Inits
 .text.GPIO_ButtonInit
                0x0800028c       0x5c ./Src/10i2c_slave_tx_string.o
                0x0800028c                GPIO_ButtonInit
 .text.main     0x080002e8       0x40 ./Src/10i2c_slave_tx_string.o
                0x080002e8                main
 .text.I2C1_EV_IRQHandler
                0x08000328       0x14 ./Src/10i2c_slave_tx_string.o
                0x08000328                I2C1_EV_IRQHandler
 .text.I2C1_ER_IRQHandler
                0x0800033c       0x14 ./Src/10i2c_slave_tx_string.o
                0x0800033c                I2C1_ER_IRQHandler
 .text.I2C_AppEventCallback
                0x08000350       0x9c ./Src/10i2c_slave_tx_string.o
                0x08000350                I2C_AppEventCallback
 .text.Reset_Handler
                0x080003ec       0x50 ./Startup/startup_stm32f446retx.o
                0x080003ec                Reset_Handler
 .text.Default_Handler
                0x0800043c        0x2 ./Startup/startup_stm32f446retx.o
                0x0800043c                RTC_Alarm_IRQHandler
                0x0800043c                EXTI2_IRQHandler
                0x0800043c                TIM8_CC_IRQHandler
                0x0800043c                SPDIF_Rx_IRQHandler
                0x0800043c                DebugMon_Handler
                0x0800043c                SPI4_IRQHandler
                0x0800043c                TIM1_CC_IRQHandler
                0x0800043c                QuadSPI_IRQHandler
                0x0800043c                DMA2_Stream5_IRQHandler
                0x0800043c                HardFault_Handler
                0x0800043c                DMA1_Stream5_IRQHandler
                0x0800043c                SysTick_Handler
                0x0800043c                PVD_IRQHandler
                0x0800043c                SDIO_IRQHandler
                0x0800043c                TAMP_STAMP_IRQHandler
                0x0800043c                PendSV_Handler
                0x0800043c                NMI_Handler
                0x0800043c                CAN2_RX1_IRQHandler
                0x0800043c                EXTI3_IRQHandler
                0x0800043c                TIM8_TRG_COM_TIM14_IRQHandler
                0x0800043c                TIM1_UP_TIM10_IRQHandler
                0x0800043c                FMPI2C1_error_IRQHandler
                0x0800043c                TIM8_UP_TIM13_IRQHandler
                0x0800043c                I2C3_ER_IRQHandler
                0x0800043c                EXTI0_IRQHandler
                0x0800043c                I2C2_EV_IRQHandler
                0x0800043c                DMA1_Stream2_IRQHandler
                0x0800043c                CAN1_RX0_IRQHandler
                0x0800043c                OTG_HS_WKUP_IRQHandler
                0x0800043c                UsageFault_Handler
                0x0800043c                CAN2_SCE_IRQHandler
                0x0800043c                DMA2_Stream2_IRQHandler
                0x0800043c                SPI1_IRQHandler
                0x0800043c                TIM6_DAC_IRQHandler
                0x0800043c                TIM1_BRK_TIM9_IRQHandler
                0x0800043c                DCMI_IRQHandler
                0x0800043c                CAN2_RX0_IRQHandler
                0x0800043c                DMA2_Stream3_IRQHandler
                0x0800043c                FMPI2C1_IRQHandler
                0x0800043c                SAI2_IRQHandler
                0x0800043c                USART6_IRQHandler
                0x0800043c                USART3_IRQHandler
                0x0800043c                CAN1_RX1_IRQHandler
                0x0800043c                UART5_IRQHandler
                0x0800043c                DMA2_Stream0_IRQHandler
                0x0800043c                TIM4_IRQHandler
                0x0800043c                HDMI_CEC_IRQHandler
                0x0800043c                DMA1_Stream6_IRQHandler
                0x0800043c                DMA1_Stream1_IRQHandler
                0x0800043c                UART4_IRQHandler
                0x0800043c                TIM3_IRQHandler
                0x0800043c                RCC_IRQHandler
                0x0800043c                TIM8_BRK_TIM12_IRQHandler
                0x0800043c                Default_Handler
                0x0800043c                EXTI15_10_IRQHandler
                0x0800043c                ADC_IRQHandler
                0x0800043c                DMA1_Stream7_IRQHandler
                0x0800043c                TIM7_IRQHandler
                0x0800043c                CAN2_TX_IRQHandler
                0x0800043c                TIM5_IRQHandler
                0x0800043c                DMA2_Stream7_IRQHandler
                0x0800043c                I2C3_EV_IRQHandler
                0x0800043c                EXTI9_5_IRQHandler
                0x0800043c                RTC_WKUP_IRQHandler
                0x0800043c                SPI2_IRQHandler
                0x0800043c                OTG_HS_EP1_IN_IRQHandler
                0x0800043c                MemManage_Handler
                0x0800043c                DMA1_Stream0_IRQHandler
                0x0800043c                CAN1_TX_IRQHandler
                0x0800043c                SVC_Handler
                0x0800043c                EXTI4_IRQHandler
                0x0800043c                OTG_HS_EP1_OUT_IRQHandler
                0x0800043c                WWDG_IRQHandler
                0x0800043c                TIM2_IRQHandler
                0x0800043c                OTG_FS_WKUP_IRQHandler
                0x0800043c                TIM1_TRG_COM_TIM11_IRQHandler
                0x0800043c                OTG_HS_IRQHandler
                0x0800043c                EXTI1_IRQHandler
                0x0800043c                USART2_IRQHandler
                0x0800043c                I2C2_ER_IRQHandler
                0x0800043c                DMA2_Stream1_IRQHandler
                0x0800043c                CAN1_SCE_IRQHandler
                0x0800043c                FLASH_IRQHandler
                0x0800043c                DMA2_Stream4_IRQHandler
                0x0800043c                BusFault_Handler
                0x0800043c                USART1_IRQHandler
                0x0800043c                OTG_FS_IRQHandler
                0x0800043c                SPI3_IRQHandler
                0x0800043c                DMA1_Stream4_IRQHandler
                0x0800043c                FMC_IRQHandler
                0x0800043c                DMA2_Stream6_IRQHandler
                0x0800043c                SAI1_IRQHandler
                0x0800043c                DMA1_Stream3_IRQHandler
 *fill*         0x0800043e        0x2 
 .text.GPIO_Init
                0x08000440      0x330 ./drivers/Src/gpio_driver.o
                0x08000440                GPIO_Init
 .text.GPIO_PeriClockControl
                0x08000770      0x1a0 ./drivers/Src/gpio_driver.o
                0x08000770                GPIO_PeriClockControl
 .text.I2C_ExecuteAddressWrite
                0x08000910       0x2c ./drivers/Src/i2c_driver.o
 .text.I2C_ExecuteAddressRead
                0x0800093c       0x2c ./drivers/Src/i2c_driver.o
 .text.I2C_ClearADDRFlag
                0x08000968       0x6e ./drivers/Src/i2c_driver.o
 .text.I2C_GenerateStopCondition
                0x080009d6       0x20 ./drivers/Src/i2c_driver.o
                0x080009d6                I2C_GenerateStopCondition
 .text.I2C_SlaveEnDiCallbackEvents
                0x080009f6       0x68 ./drivers/Src/i2c_driver.o
                0x080009f6                I2C_SlaveEnDiCallbackEvents
 *fill*         0x08000a5e        0x2 
 .text.I2C_PeriClockControl
                0x08000a60       0xb0 ./drivers/Src/i2c_driver.o
                0x08000a60                I2C_PeriClockControl
 .text.RCC_GetPLLOutputClock
                0x08000b10       0x10 ./drivers/Src/i2c_driver.o
                0x08000b10                RCC_GetPLLOutputClock
 .text.RCC_GetPCLK1Value
                0x08000b20       0xb0 ./drivers/Src/i2c_driver.o
                0x08000b20                RCC_GetPCLK1Value
 .text.I2C_Init
                0x08000bd0       0xc4 ./drivers/Src/i2c_driver.o
                0x08000bd0                I2C_Init
 .text.I2C_SlaveSendData
                0x08000c94       0x1e ./drivers/Src/i2c_driver.o
                0x08000c94                I2C_SlaveSendData
 .text.I2C_SlaveReceiveData
                0x08000cb2       0x1a ./drivers/Src/i2c_driver.o
                0x08000cb2                I2C_SlaveReceiveData
 .text.I2C_IRQConfig
                0x08000ccc      0x104 ./drivers/Src/i2c_driver.o
                0x08000ccc                I2C_IRQConfig
 .text.I2C_PeripheralControl
                0x08000dd0       0x38 ./drivers/Src/i2c_driver.o
                0x08000dd0                I2C_PeripheralControl
 .text.I2C_ManageAck
                0x08000e08       0x38 ./drivers/Src/i2c_driver.o
                0x08000e08                I2C_ManageAck
 .text.I2C_MasterRXNEInterrupt
                0x08000e40       0x9a ./drivers/Src/i2c_driver.o
 .text.I2C_MasterTXEInterrupt
                0x08000eda       0x3e ./drivers/Src/i2c_driver.o
 .text.I2C_EV_IRQHandling
                0x08000f18      0x1b6 ./drivers/Src/i2c_driver.o
                0x08000f18                I2C_EV_IRQHandling
 .text.I2C_ER_IRQHandling
                0x080010ce      0x10c ./drivers/Src/i2c_driver.o
                0x080010ce                I2C_ER_IRQHandling
 .text.I2C_CloseReceiveData
                0x080011da       0x54 ./drivers/Src/i2c_driver.o
                0x080011da                I2C_CloseReceiveData
 .text.I2C_CloseSendData
                0x0800122e       0x46 ./drivers/Src/i2c_driver.o
                0x0800122e                I2C_CloseSendData
 .text.__libc_init_array
                0x08001274       0x48 /opt/st/stm32cubeide_1.15.1/plugins/com.st.stm32cube.ide.mcu.externaltools.gnu-tools-for-stm32.12.3.rel1.linux64_1.0.100.202403111256/tools/bin/../lib/gcc/arm-none-eabi/12.3.1/../../../../arm-none-eabi/lib/thumb/v7e-m+fp/hard/libc_nano.a(libc_a-init.o)
                0x08001274                __libc_init_array
 *(.glue_7)
 .glue_7        0x080012bc        0x0 linker stubs
 *(.glue_7t)
 .glue_7t       0x080012bc        0x0 linker stubs
 *(.eh_frame)
 .eh_frame      0x080012bc        0x0 /opt/st/stm32cubeide_1.15.1/plugins/com.st.stm32cube.ide.mcu.externaltools.gnu-tools-for-stm32.12.3.rel1.linux64_1.0.100.202403111256/tools/bin/../lib/gcc/arm-none-eabi/12.3.1/thumb/v7e-m+fp/hard/crtbegin.o
 *(.init)
 .init          0x080012bc        0x4 /opt/st/stm32cubeide_1.15.1/plugins/com.st.stm32cube.ide.mcu.externaltools.gnu-tools-for-stm32.12.3.rel1.linux64_1.0.100.202403111256/tools/bin/../lib/gcc/arm-none-eabi/12.3.1/thumb/v7e-m+fp/hard/crti.o
                0x080012bc                _init
 .init          0x080012c0        0x8 /opt/st/stm32cubeide_1.15.1/plugins/com.st.stm32cube.ide.mcu.externaltools.gnu-tools-for-stm32.12.3.rel1.linux64_1.0.100.202403111256/tools/bin/../lib/gcc/arm-none-eabi/12.3.1/thumb/v7e-m+fp/hard/crtn.o
 *(.fini)
 .fini          0x080012c8        0x4 /opt/st/stm32cubeide_1.15.1/plugins/com.st.stm32cube.ide.mcu.externaltools.gnu-tools-for-stm32.12.3.rel1.linux64_1.0.100.202403111256/tools/bin/../lib/gcc/arm-none-eabi/12.3.1/thumb/v7e-m+fp/hard/crti.o
                0x080012c8                _fini
 .fini          0x080012cc        0x8 /opt/st/stm32cubeide_1.15.1/plugins/com.st.stm32cube.ide.mcu.externaltools.gnu-tools-for-stm32.12.3.rel1.linux64_1.0.100.202403111256/tools/bin/../lib/gcc/arm-none-eabi/12.3.1/thumb/v7e-m+fp/hard/crtn.o
                0x080012d4                        . = ALIGN (0x4)
                0x080012d4                        _etext = .

.vfp11_veneer   0x080012d4        0x0
 .vfp11_veneer  0x080012d4        0x0 linker stubs

.v4_bx          0x080012d4        0x0
 .v4_bx         0x080012d4        0x0 linker stubs

.iplt           0x080012d4        0x0
 .iplt          0x080012d4        0x0 /opt/st/stm32cubeide_1.15.1/plugins/com.st.stm32cube.ide.mcu.externaltools.gnu-tools-for-stm32.12.3.rel1.linux64_1.0.100.202403111256/tools/bin/../lib/gcc/arm-none-eabi/12.3.1/thumb/v7e-m+fp/hard/crtbegin.o

.rodata         0x080012d4        0x0
                0x080012d4                        . = ALIGN (0x4)
 *(.rodata)
 *(.rodata*)
                0x080012d4                        . = ALIGN (0x4)

.ARM.extab      0x080012d4        0x0
                0x080012d4                        . = ALIGN (0x4)
 *(.ARM.extab* .gnu.linkonce.armextab.*)
                0x080012d4                        . = ALIGN (0x4)

.ARM            0x080012d4        0x8
                0x080012d4                        . = ALIGN (0x4)
                0x080012d4                        __exidx_start = .
 *(.ARM.exidx*)
 .ARM.exidx     0x080012d4        0x8 /opt/st/stm32cubeide_1.15.1/plugins/com.st.stm32cube.ide.mcu.externaltools.gnu-tools-for-stm32.12.3.rel1.linux64_1.0.100.202403111256/tools/bin/../lib/gcc/arm-none-eabi/12.3.1/../../../../arm-none-eabi/lib/thumb/v7e-m+fp/hard/libc_nano.a(libc_a-strlen.o)
                0x080012dc                        __exidx_end = .
                0x080012dc                        . = ALIGN (0x4)

.preinit_array  0x080012dc        0x0
                0x080012dc                        . = ALIGN (0x4)
                0x080012dc                        PROVIDE (__preinit_array_start = .)
 *(.preinit_array*)
                0x080012dc                        PROVIDE (__preinit_array_end = .)
                0x080012dc                        . = ALIGN (0x4)

.init_array     0x080012dc        0x4
                0x080012dc                        . = ALIGN (0x4)
                0x080012dc                        PROVIDE (__init_array_start = .)
 *(SORT_BY_NAME(.init_array.*))
 *(.init_array*)
 .init_array    0x080012dc        0x4 /opt/st/stm32cubeide_1.15.1/plugins/com.st.stm32cube.ide.mcu.externaltools.gnu-tools-for-stm32.12.3.rel1.linux64_1.0.100.202403111256/tools/bin/../lib/gcc/arm-none-eabi/12.3.1/thumb/v7e-m+fp/hard/crtbegin.o
                0x080012e0                        PROVIDE (__init_array_end = .)
                0x080012e0                        . = ALIGN (0x4)

.fini_array     0x080012e0        0x4
                0x080012e0                        . = ALIGN (0x4)
                [!provide]                        PROVIDE (__fini_array_start = .)
 *(SORT_BY_NAME(.fini_array.*))
 *(.fini_array*)
 .fini_array    0x080012e0        0x4 /opt/st/stm32cubeide_1.15.1/plugins/com.st.stm32cube.ide.mcu.externaltools.gnu-tools-for-stm32.12.3.rel1.linux64_1.0.100.202403111256/tools/bin/../lib/gcc/arm-none-eabi/12.3.1/thumb/v7e-m+fp/hard/crtbegin.o
                [!provide]                        PROVIDE (__fini_array_end = .)
                0x080012e4                        . = ALIGN (0x4)
                0x080012e4                        _sidata = LOADADDR (.data)

.rel.dyn        0x080012e4        0x0
 .rel.iplt      0x080012e4        0x0 /opt/st/stm32cubeide_1.15.1/plugins/com.st.stm32cube.ide.mcu.externaltools.gnu-tools-for-stm32.12.3.rel1.linux64_1.0.100.202403111256/tools/bin/../lib/gcc/arm-none-eabi/12.3.1/thumb/v7e-m+fp/hard/crtbegin.o

.data           0x20000000       0x38 load address 0x080012e4
                0x20000000                        . = ALIGN (0x4)
                0x20000000                        _sdata = .
 *(.data)
 *(.data*)
 .data.Tx_buf   0x20000000       0x20 ./Src/10i2c_slave_tx_string.o
                0x20000000                Tx_buf
 .data.AHB_PreScaler
                0x20000020       0x12 ./drivers/Src/i2c_driver.o
                0x20000020                AHB_PreScaler
 *fill*         0x20000032        0x2 
 .data.APB1_PreScaler
                0x20000034        0x4 ./drivers/Src/i2c_driver.o
                0x20000034                APB1_PreScaler
 *(.RamFunc)
 *(.RamFunc*)
                0x20000038                        . = ALIGN (0x4)
                0x20000038                        _edata = .

.igot.plt       0x20000038        0x0 load address 0x0800131c
 .igot.plt      0x20000038        0x0 /opt/st/stm32cubeide_1.15.1/plugins/com.st.stm32cube.ide.mcu.externaltools.gnu-tools-for-stm32.12.3.rel1.linux64_1.0.100.202403111256/tools/bin/../lib/gcc/arm-none-eabi/12.3.1/thumb/v7e-m+fp/hard/crtbegin.o
                0x20000038                        . = ALIGN (0x4)

.bss            0x20000038       0x38 load address 0x0800131c
                0x20000038                        _sbss = .
                0x20000038                        __bss_start__ = _sbss
 *(.bss)
 .bss           0x20000038       0x1c /opt/st/stm32cubeide_1.15.1/plugins/com.st.stm32cube.ide.mcu.externaltools.gnu-tools-for-stm32.12.3.rel1.linux64_1.0.100.202403111256/tools/bin/../lib/gcc/arm-none-eabi/12.3.1/thumb/v7e-m+fp/hard/crtbegin.o
 *(.bss*)
 .bss.I2C1Handle
                0x20000054       0x18 ./Src/10i2c_slave_tx_string.o
                0x20000054                I2C1Handle
 .bss.commandcode.1
                0x2000006c        0x1 ./Src/10i2c_slave_tx_string.o
 .bss.count.0   0x2000006d        0x1 ./Src/10i2c_slave_tx_string.o
 *(COMMON)
                0x20000070                        . = ALIGN (0x4)
 *fill*         0x2000006e        0x2 
                0x20000070                        _ebss = .
                0x20000070                        __bss_end__ = _ebss

._user_heap_stack
                0x20000070      0x600 load address 0x0800131c
                0x20000070                        . = ALIGN (0x8)
                0x20000070                        PROVIDE (end = .)
                0x20000070                        PROVIDE (_end = .)
                0x20000270                        . = (. + _Min_Heap_Size)
 *fill*         0x20000070      0x200 
                0x20000670                        . = (. + _Min_Stack_Size)
 *fill*         0x20000270      0x400 
                0x20000670                        . = ALIGN (0x8)

/DISCARD/
 libc.a(*)
 libm.a(*)
 libgcc.a(*)

.ARM.attributes
                0x00000000       0x30
 *(.ARM.attributes)
 .ARM.attributes
                0x00000000       0x22 /opt/st/stm32cubeide_1.15.1/plugins/com.st.stm32cube.ide.mcu.externaltools.gnu-tools-for-stm32.12.3.rel1.linux64_1.0.100.202403111256/tools/bin/../lib/gcc/arm-none-eabi/12.3.1/thumb/v7e-m+fp/hard/crti.o
 .ARM.attributes
                0x00000022       0x34 /opt/st/stm32cubeide_1.15.1/plugins/com.st.stm32cube.ide.mcu.externaltools.gnu-tools-for-stm32.12.3.rel1.linux64_1.0.100.202403111256/tools/bin/../lib/gcc/arm-none-eabi/12.3.1/thumb/v7e-m+fp/hard/crtbegin.o
 .ARM.attributes
                0x00000056       0x34 ./Src/10i2c_slave_tx_string.o
 .ARM.attributes
                0x0000008a       0x21 ./Startup/startup_stm32f446retx.o
 .ARM.attributes
                0x000000ab       0x34 ./drivers/Src/gpio_driver.o
 .ARM.attributes
                0x000000df       0x34 ./drivers/Src/i2c_driver.o
 .ARM.attributes
                0x00000113       0x34 /opt/st/stm32cubeide_1.15.1/plugins/com.st.stm32cube.ide.mcu.externaltools.gnu-tools-for-stm32.12.3.rel1.linux64_1.0.100.202403111256/tools/bin/../lib/gcc/arm-none-eabi/12.3.1/../../../../arm-none-eabi/lib/thumb/v7e-m+fp/hard/libc_nano.a(libc_a-init.o)
 .ARM.attributes
                0x00000147       0x17 /opt/st/stm32cubeide_1.15.1/plugins/com.st.stm32cube.ide.mcu.externaltools.gnu-tools-for-stm32.12.3.rel1.linux64_1.0.100.202403111256/tools/bin/../lib/gcc/arm-none-eabi/12.3.1/../../../../arm-none-eabi/lib/thumb/v7e-m+fp/hard/libc_nano.a(libc_a-strlen.o)
 .ARM.attributes
                0x0000015e       0x22 /opt/st/stm32cubeide_1.15.1/plugins/com.st.stm32cube.ide.mcu.externaltools.gnu-tools-for-stm32.12.3.rel1.linux64_1.0.100.202403111256/tools/bin/../lib/gcc/arm-none-eabi/12.3.1/thumb/v7e-m+fp/hard/crtn.o
OUTPUT(stm32f446xx_drivers.elf elf32-littlearm)
LOAD linker stubs
LOAD /opt/st/stm32cubeide_1.15.1/plugins/com.st.stm32cube.ide.mcu.externaltools.gnu-tools-for-stm32.12.3.rel1.linux64_1.0.100.202403111256/tools/bin/../lib/gcc/arm-none-eabi/12.3.1/../../../../arm-none-eabi/lib/thumb/v7e-m+fp/hard/libc.a
LOAD /opt/st/stm32cubeide_1.15.1/plugins/com.st.stm32cube.ide.mcu.externaltools.gnu-tools-for-stm32.12.3.rel1.linux64_1.0.100.202403111256/tools/bin/../lib/gcc/arm-none-eabi/12.3.1/../../../../arm-none-eabi/lib/thumb/v7e-m+fp/hard/libm.a
LOAD /opt/st/stm32cubeide_1.15.1/plugins/com.st.stm32cube.ide.mcu.externaltools.gnu-tools-for-stm32.12.3.rel1.linux64_1.0.100.202403111256/tools/bin/../lib/gcc/arm-none-eabi/12.3.1/thumb/v7e-m+fp/hard/libgcc.a

.debug_info     0x00000000     0x18c0
 .debug_info    0x00000000      0x5c7 ./Src/10i2c_slave_tx_string.o
 .debug_info    0x000005c7       0x30 ./Startup/startup_stm32f446retx.o
 .debug_info    0x000005f7      0x79e ./drivers/Src/gpio_driver.o
 .debug_info    0x00000d95      0xb2b ./drivers/Src/i2c_driver.o

.debug_abbrev   0x00000000      0x677
 .debug_abbrev  0x00000000      0x1cc ./Src/10i2c_slave_tx_string.o
 .debug_abbrev  0x000001cc       0x24 ./Startup/startup_stm32f446retx.o
 .debug_abbrev  0x000001f0      0x1aa ./drivers/Src/gpio_driver.o
 .debug_abbrev  0x0000039a      0x2dd ./drivers/Src/i2c_driver.o

.debug_aranges  0x00000000      0x1e8
 .debug_aranges
                0x00000000       0x58 ./Src/10i2c_slave_tx_string.o
 .debug_aranges
                0x00000058       0x28 ./Startup/startup_stm32f446retx.o
 .debug_aranges
                0x00000080       0x70 ./drivers/Src/gpio_driver.o
 .debug_aranges
                0x000000f0       0xf8 ./drivers/Src/i2c_driver.o

.debug_rnglists
                0x00000000      0x16b
 .debug_rnglists
                0x00000000       0x3e ./Src/10i2c_slave_tx_string.o
 .debug_rnglists
                0x0000003e       0x19 ./Startup/startup_stm32f446retx.o
 .debug_rnglists
                0x00000057       0x53 ./drivers/Src/gpio_driver.o
 .debug_rnglists
                0x000000aa       0xc1 ./drivers/Src/i2c_driver.o

.debug_macro    0x00000000     0x273f
 .debug_macro   0x00000000      0x1b7 ./Src/10i2c_slave_tx_string.o
 .debug_macro   0x000001b7      0xac0 ./Src/10i2c_slave_tx_string.o
 .debug_macro   0x00000c77       0x22 ./Src/10i2c_slave_tx_string.o
 .debug_macro   0x00000c99       0x8e ./Src/10i2c_slave_tx_string.o
 .debug_macro   0x00000d27       0x51 ./Src/10i2c_slave_tx_string.o
 .debug_macro   0x00000d78      0x103 ./Src/10i2c_slave_tx_string.o
 .debug_macro   0x00000e7b       0x6a ./Src/10i2c_slave_tx_string.o
 .debug_macro   0x00000ee5      0x1df ./Src/10i2c_slave_tx_string.o
 .debug_macro   0x000010c4      0x189 ./Src/10i2c_slave_tx_string.o
 .debug_macro   0x0000124d      0x628 ./Src/10i2c_slave_tx_string.o
 .debug_macro   0x00001875       0xb8 ./Src/10i2c_slave_tx_string.o
 .debug_macro   0x0000192d       0xca ./Src/10i2c_slave_tx_string.o
 .debug_macro   0x000019f7       0xd6 ./Src/10i2c_slave_tx_string.o
 .debug_macro   0x00001acd       0x61 ./Src/10i2c_slave_tx_string.o
 .debug_macro   0x00001b2e       0x2a ./Src/10i2c_slave_tx_string.o
 .debug_macro   0x00001b58       0x43 ./Src/10i2c_slave_tx_string.o
 .debug_macro   0x00001b9b       0x34 ./Src/10i2c_slave_tx_string.o
 .debug_macro   0x00001bcf       0x16 ./Src/10i2c_slave_tx_string.o
 .debug_macro   0x00001be5       0x35 ./Src/10i2c_slave_tx_string.o
 .debug_macro   0x00001c1a      0x369 ./Src/10i2c_slave_tx_string.o
 .debug_macro   0x00001f83       0x10 ./Src/10i2c_slave_tx_string.o
 .debug_macro   0x00001f93       0x16 ./Src/10i2c_slave_tx_string.o
 .debug_macro   0x00001fa9       0x43 ./Src/10i2c_slave_tx_string.o
 .debug_macro   0x00001fec       0x34 ./Src/10i2c_slave_tx_string.o
 .debug_macro   0x00002020       0x10 ./Src/10i2c_slave_tx_string.o
 .debug_macro   0x00002030       0x58 ./Src/10i2c_slave_tx_string.o
 .debug_macro   0x00002088       0x8e ./Src/10i2c_slave_tx_string.o
 .debug_macro   0x00002116       0x1c ./Src/10i2c_slave_tx_string.o
 .debug_macro   0x00002132      0x177 ./Src/10i2c_slave_tx_string.o
 .debug_macro   0x000022a9       0x16 ./Src/10i2c_slave_tx_string.o
 .debug_macro   0x000022bf       0x16 ./Src/10i2c_slave_tx_string.o
 .debug_macro   0x000022d5      0x146 ./Src/10i2c_slave_tx_string.o
 .debug_macro   0x0000241b       0x16 ./Src/10i2c_slave_tx_string.o
 .debug_macro   0x00002431       0x20 ./Src/10i2c_slave_tx_string.o
 .debug_macro   0x00002451       0xad ./drivers/Src/gpio_driver.o
 .debug_macro   0x000024fe       0xc4 ./drivers/Src/gpio_driver.o
 .debug_macro   0x000025c2       0xad ./drivers/Src/i2c_driver.o
 .debug_macro   0x0000266f       0xd0 ./drivers/Src/i2c_driver.o

.debug_line     0x00000000     0x1dc7
 .debug_line    0x00000000      0x6c7 ./Src/10i2c_slave_tx_string.o
 .debug_line    0x000006c7       0x7b ./Startup/startup_stm32f446retx.o
 .debug_line    0x00000742      0x97a ./drivers/Src/gpio_driver.o
 .debug_line    0x000010bc      0xd0b ./drivers/Src/i2c_driver.o

.debug_str      0x00000000     0xa432
 .debug_str     0x00000000     0x9ee7 ./Src/10i2c_slave_tx_string.o
                               0xa0f4 (size before relaxing)
 .debug_str     0x00009ee7       0x3f ./Startup/startup_stm32f446retx.o
                                 0x86 (size before relaxing)
 .debug_str     0x00009f26      0x2cc ./drivers/Src/gpio_driver.o
                               0x69cc (size before relaxing)
 .debug_str     0x0000a1f2      0x240 ./drivers/Src/i2c_driver.o
                               0x6b73 (size before relaxing)

.comment        0x00000000       0x43
 .comment       0x00000000       0x43 ./Src/10i2c_slave_tx_string.o
                                 0x44 (size before relaxing)
 .comment       0x00000043       0x44 ./drivers/Src/gpio_driver.o
 .comment       0x00000043       0x44 ./drivers/Src/i2c_driver.o

.debug_frame    0x00000000      0x748
 .debug_frame   0x00000000      0x118 ./Src/10i2c_slave_tx_string.o
 .debug_frame   0x00000118      0x1c8 ./drivers/Src/gpio_driver.o
 .debug_frame   0x000002e0      0x43c ./drivers/Src/i2c_driver.o
 .debug_frame   0x0000071c       0x2c /opt/st/stm32cubeide_1.15.1/plugins/com.st.stm32cube.ide.mcu.externaltools.gnu-tools-for-stm32.12.3.rel1.linux64_1.0.100.202403111256/tools/bin/../lib/gcc/arm-none-eabi/12.3.1/../../../../arm-none-eabi/lib/thumb/v7e-m+fp/hard/libc_nano.a(libc_a-init.o)

.debug_line_str
                0x00000000       0x6a
 .debug_line_str
                0x00000000       0x6a ./Startup/startup_stm32f446retx.o
